../BSP/src/oled.c:118:13:SSD1306_Cmd	32	static
../BSP/src/oled.c:125:13:SSD1306_Data	40	static
../BSP/src/oled.c:133:6:SSD1306_Init	8	static
../BSP/src/oled.c:161:6:SSD1306_Clear	8	static
../BSP/src/oled.c:166:6:SSD1306_Update	16	static
../BSP/src/oled.c:178:13:SSD1306_DrawChar	40	static
../BSP/src/oled.c:199:6:SSD1306_Print	16	static
../BSP/src/oled.c:209:6:SSD1306_PrintNumber	40	static
../BSP/src/oled.c:216:6:SSD1306_SetPixel	32	static
../BSP/src/oled.c:229:6:SSD1306_DrawChar2X	48	static
../BSP/src/oled.c:258:6:SSD1306_Print2X	16	static
../BSP/src/oled.c:268:6:SSD1306_DrawChar15X	56	static
../BSP/src/oled.c:312:6:SSD1306_Print15X	16	static
