../Core/Src/main.c:87:5:main	24	static
../Core/Src/main.c:162:6:SystemClock_Config	96	static
../Core/Src/main.c:205:13:MX_I2C1_Init	8	static
../Core/Src/main.c:253:13:MX_I2C2_Init	8	static
../Core/Src/main.c:301:13:MX_GPIO_Init	48	static
../Core/Src/main.c:345:6:HAL_GPIO_EXTI_Callback	24	static
../Core/Src/main.c:383:13:set_pure_mosfet	16	static
../Core/Src/main.c:395:13:set_buck_mosfet	16	static
../Core/Src/main.c:408:13:toggle_output	8	static
../Core/Src/main.c:443:13:toggle_mode	8	static
../Core/Src/main.c:455:13:toggle_voltage_level	8	static
../Core/Src/main.c:498:13:set_decoy_voltage	16	static
../Core/Src/main.c:505:13:print_data	88	static
../Core/Src/main.c:537:13:print_output	16	static
../Core/Src/main.c:545:13:print_mode	16	static
../Core/Src/main.c:554:13:print_voltage_current_power	80	static
../Core/Src/main.c:581:6:Error_Handler	8	static,ignoring_inline_asm
